kagome_0 z=4 sum 1.000000000 mean 2.000000000
   deg 1 : -(3*r_pi + 5)*(6*r_pi - 17)/324  = 0.281193095330776
   deg 2 : (18*r_pi**2 - 21*r_pi + 158)/324  = 0.468806904669224
   deg 3 : (18*r_pi**2 - 21*r_pi + 77)/324  = 0.218806904669224
   deg 4 : -(3*r_pi - 4)*(6*r_pi + 1)/324  = 0.0311930953307759
truncated_square_0 z=3 sum 1.000000000 mean 2.000000000
   deg 1 : -3*c*(3*c - 4)/16  = 0.242875765248961
   deg 2 : (9*c**2 - 12*c + 8)/8  = 0.514248469502079
   deg 3 : -3*c*(3*c - 4)/16  = 0.242875765248961
union_jack_0 z=8 sum 1.000000000 mean 2.554126424
   deg 1 : (-4*1_pi + 9*c - 2)*(4*1_pi + 7*c - 6)*(4*1_pi + 9*c - 7)*(-16*1_pi**2 - 4*1_pi + 81*c**2 - 105*c + 34)**2/32  = 0.163467503945994
   deg 2 : -(-16*1_pi**2 - 4*1_pi + 81*c**2 - 105*c + 34)*(7168*1_pi**5 + 12544*1_pi**4*c - 19456*1_pi**4 - 72576*1_pi**3*c**2 + 65536*1_pi**3*c - 6400*1_pi**3 - 127008*1_pi**2*c**3 + 293760*1_pi**2*c**2 - 207264*1_pi**2*c + 44496*1_pi**2 + 183708*1_pi*c**4 - 331776*1_pi*c**3 + 171792*1_pi*c**2 - 7024*1_pi*c - 9712*1_pi + 321489*c**5 - 988524*c**4 + 1184922*c**3 - 687753*c**2 + 191216*c - 19948)/32  = 0.349888446074847
   deg 3 : (-344064*1_pi**7 - 602112*1_pi**6*c + 921600*1_pi**6 + 5225472*1_pi**5*c**2 - 5302272*1_pi**5*c + 975872*1_pi**5 + 9144576*1_pi**4*c**3 - 22415616*1_pi**4*c**2 + 16685824*1_pi**4*c - 3845632*1_pi**4 - 26453952*1_pi**3*c**4 + 53685504*1_pi**3*c**3 - 36527232*1_pi**3*c**2 + 8644608*1_pi**3*c - 201792*1_pi**3 - 46294416*1_pi**2*c**5 + 156099312*1_pi**2*c**4 - 205075296*1_pi**2*c**3 + 131165376*1_pi**2*c**2 - 40730320*1_pi**2*c + 4880704*1_pi**2 + 44641044*1_pi*c**6 - 135891432*1_pi*c**5 + 159908580*1_pi*c**4 - 87691392*1_pi*c**3 + 19295844*1_pi*c**2 + 610720*1_pi*c - 611152*1_pi + 78121827*c**7 - 335339271*c**6 + 610554267*c**5 - 610576542*c**4 + 361697589*c**3 - 126682332*c**2 + 24226740*c - 1944384)/32  = 0.304556741550686
   deg 4 : -(-573440*1_pi**7 - 1003520*1_pi**6*c + 1658880*1_pi**6 + 8709120*1_pi**5*c**2 - 8417280*1_pi**5*c + 1136640*1_pi**5 + 15240960*1_pi**4*c**3 - 38204160*1_pi**4*c**2 + 28003840*1_pi**4*c - 6055424*1_pi**4 - 44089920*1_pi**3*c**4 + 85224960*1_pi**3*c**3 - 52796160*1_pi**3*c**2 + 9765632*1_pi**3*c + 402112*1_pi**3 - 77157360*1_pi**2*c**5 + 259271280*1_pi**2*c**4 - 335609280*1_pi**2*c**3 + 209194368*1_pi**2*c**2 - 62600848*1_pi**2*c + 7142624*1_pi**2 + 74401740*1_pi*c**6 - 215725680*1_pi*c**5 + 238149720*1_pi*c**4 - 118235952*1_pi*c**3 + 20001012*1_pi*c**2 + 3000912*1_pi*c - 1022112*1_pi + 130203045*c**7 - 548663625*c**6 + 981314190*c**5 - 965044530*c**4 + 563156145*c**3 - 194855322*c**2 + 36986872*c - 2969616)/32  = 0.139629346873973
   deg 5 : (-573440*1_pi**7 - 1003520*1_pi**6*c + 1781760*1_pi**6 + 8709120*1_pi**5*c**2 - 7997440*1_pi**5*c + 650240*1_pi**5 + 15240960*1_pi**4*c**3 - 39048960*1_pi**4*c**2 + 28199680*1_pi**4*c - 5688576*1_pi**4 - 44089920*1_pi**3*c**4 + 80974080*1_pi**3*c**3 - 44707200*1_pi**3*c**2 + 5221888*1_pi**3*c + 1062464*1_pi**3 - 77157360*1_pi**2*c**5 + 258377040*1_pi**2*c**4 - 329366880*1_pi**2*c**3 + 199959072*1_pi**2*c**2 - 57674032*1_pi**2*c + 6294592*1_pi**2 + 74401740*1_pi*c**6 - 204965640*1_pi*c**5 + 209665260*1_pi*c**4 - 89634528*1_pi*c**3 + 6746172*1_pi*c**2 + 5683744*1_pi*c - 1184896*1_pi + 130203045*c**7 - 538428465*c**6 + 944692875*c**5 - 911114325*c**4 + 521421435*c**3 - 177011052*c**2 + 33005200*c - 2608976)/32  = 0.0365223550011560
   deg 6 : -(-344064*1_pi**7 - 602112*1_pi**6*c + 1142784*1_pi**6 + 5225472*1_pi**5*c**2 - 4546560*1_pi**5*c + 100352*1_pi**5 + 9144576*1_pi**4*c**3 - 23936256*1_pi**4*c**2 + 17038336*1_pi**4*c - 3192064*1_pi**4 - 26453952*1_pi**3*c**4 + 46033920*1_pi**3*c**3 - 21967104*1_pi**3*c**2 + 429696*1_pi**3*c + 1015680*1_pi**3 - 46294416*1_pi**2*c**5 + 154489680*1_pi**2*c**4 - 193838976*1_pi**2*c**3 + 114448704*1_pi**2*c**2 - 31724320*1_pi**2*c + 3302144*1_pi**2 + 44641044*1_pi*c**6 - 116523360*1_pi*c**5 + 108636552*1_pi*c**4 - 36357480*1_pi*c**3 - 4257336*1_pi*c**2 + 5227008*1_pi*c - 853776*1_pi + 78121827*c**7 - 316915983*c**6 + 544635900*c**5 - 513616383*c**4 + 286872354*c**3 - 94855728*c**2 + 17189652*c - 1317144)/32  = 0.00548123577250371
   deg 7 : (-16*1_pi**2 + 16*1_pi + 81*c**2 - 84*c + 18)*(7168*1_pi**5 + 12544*1_pi**4*c - 18176*1_pi**4 - 72576*1_pi**3*c**2 + 64384*1_pi**3*c - 6208*1_pi**3 - 127008*1_pi**2*c**3 + 278784*1_pi**2*c**2 - 183536*1_pi**2*c + 35360*1_pi**2 + 183708*1_pi*c**4 - 325944*1_pi*c**3 + 184068*1_pi*c**2 - 30864*1_pi*c - 888*1_pi + 321489*c**5 - 945513*c**4 + 1097199*c**3 - 627294*c**2 + 176646*c - 19632)/32  = 0.000439740151598240
   deg 8 : -(-4*1_pi + 9*c - 4)*(4*1_pi + 7*c - 5)*(4*1_pi + 9*c - 6)*(-16*1_pi**2 + 16*1_pi + 81*c**2 - 84*c + 18)**2/32  = 1.46306292435118e-5
union_jack_1 z=4 sum 1.000000000 mean 1.445873576
   deg 1 : -9*c**2*(c - 1)/2  = 0.616086893521085
   deg 2 : 3*c*(18*c**2 - 23*c + 8)/4  = 0.325037511742719
   deg 3 : -(3*c - 2)*(9*c**2 - 8*c + 2)/2  = 0.0557907199308772
   deg 4 : (2*c - 1)*(3*c - 2)**2/4  = 0.00308487480531810
star_0 z=3 sum 1.000000000 mean 2.000000000
   deg 1 : 21/100  = 0.210000000000000
   deg 2 : 29/50  = 0.580000000000000
   deg 3 : 21/100  = 0.210000000000000
dice_0 z=6 sum 1.000000000 mean 3.000000000
   deg 1 : (2*r_pi + 1)**2*(6*r_pi - 11)**2/3456  = 0.0756911349800904
   deg 2 : -7*(2*r_pi + 1)*(6*r_pi - 11)*(12*r_pi**2 - 16*r_pi + 21)/6912  = 0.259228703538996
   deg 3 : (144*r_pi**4 - 384*r_pi**3 + 544*r_pi**2 - 384*r_pi + 399)/864  = 0.349072193949612
   deg 4 : -(144*r_pi**4 - 384*r_pi**3 + 280*r_pi**2 - 32*r_pi - 815)/3456  = 0.231070668600635
   deg 5 : -(2*r_pi - 3)*(6*r_pi + 1)*(12*r_pi**2 - 16*r_pi + 37)/3456  = 0.0752715918934549
   deg 6 : (2*r_pi - 3)**2*(6*r_pi + 1)**2/6912  = 0.00966570703721068
dice_1 z=3 sum 1.000000000 mean 1.500000000
   deg 1 : 9/16  = 0.562500000000000
   deg 2 : 3/8  = 0.375000000000000
   deg 3 : 1/16  = 0.0625000000000000
lieb_0 z=4 sum 1.000000000 mean 3.000000000
   deg 1 : -1_pi**2*(2*1_pi - 1)  = 0.0368181147759388
   deg 2 : 2*1_pi*(3*1_pi**2 - 3*1_pi + 1)  = 0.222201877112752
   deg 3 : -(1_pi - 1)*(6*1_pi**2 - 3*1_pi + 1)  = 0.445141901446680
   deg 4 : 2*1_pi*(1_pi - 1)**2  = 0.295838106664629
checkerboard_0 z=6 sum 1.000000000 mean 2.000000000
   deg 1 : 39*(8*1_pi - 7)*(8*1_pi + 11)*(16*1_pi**2 - 16*1_pi - 1)/32768  = 0.321091522222102
   deg 2 : -(301056*1_pi**4 - 217088*1_pi**3 - 144672*1_pi**2 + 122128*1_pi - 47731)/65536  = 0.418481049399085
   deg 3 : (50688*1_pi**4 - 48384*1_pi**3 + 19464*1_pi**2 - 4224*1_pi + 2099)/8192  = 0.205868948447711
   deg 4 : -(104448*1_pi**4 - 129024*1_pi**3 + 85344*1_pi**2 - 28944*1_pi + 2059)/32768  = 0.0487050449555610
   deg 5 : (3072*1_pi**4 - 11776*1_pi**3 + 336*1_pi**2 + 3056*1_pi - 475)/32768  = 0.00560125603889535
   deg 6 : 3*(8*1_pi - 5)*(24*1_pi - 5)*(32*1_pi**2 - 16*1_pi + 1)/65536  = 0.000252178936645721
triakis_triangular_0 z=12 sum 1.000000000 mean 3.600000000
   deg 1 : (6*r_pi - 1)*(18*r_pi + 5)**2*(42*r_pi - 41)**2/3796875  = 0.0431085909736248
   deg 2 : -(18*r_pi + 5)*(42*r_pi - 41)*(49464*r_pi**3 - 78876*r_pi**2 + 53442*r_pi - 4225)/15187500  = 0.167508113541394
   deg 3 : (10493712*r_pi**5 - 64792224*r_pi**4 + 116692920*r_pi**3 - 87025968*r_pi**2 + 27869025*r_pi + 1252150)/15187500  = 0.281048281359573
   deg 4 : (57163968*r_pi**5 - 120836016*r_pi**4 + 86343840*r_pi**3 + 4916568*r_pi**2 - 30012340*r_pi + 14249125)/20250000  = 0.267365086696549
   deg 5 : -(3825792*r_pi**5 - 17880912*r_pi**4 + 28844640*r_pi**3 - 23150736*r_pi**2 + 9447600*r_pi - 2032615)/3037500  = 0.159396118172613
   deg 6 : -(24836544*r_pi**5 - 56885328*r_pi**4 + 48088080*r_pi**3 - 13107816*r_pi**2 - 2876880*r_pi + 557075)/15187500  = 0.0622379147636226
   deg 7 : (2413152*r_pi**5 - 13269744*r_pi**4 + 22777920*r_pi**3 - 19584648*r_pi**2 + 8634890*r_pi - 1439775)/5062500  = 0.0161905225562700
   deg 8 : (17775936*r_pi**5 - 53015472*r_pi**4 + 63214560*r_pi**3 - 43463304*r_pi**2 + 17661300*r_pi - 3041675)/30375000  = 0.00280440978815826
   deg 9 : (31104*r_pi**5 + 3871152*r_pi**4 - 9089280*r_pi**3 + 7205904*r_pi**2 - 2262120*r_pi + 225625)/15187500  = 0.000317575406780561
   deg 10 : -(143856*r_pi**5 - 574128*r_pi**4 + 846720*r_pi**3 - 584640*r_pi**2 + 190905*r_pi - 23755)/1518750  = 2.24728318706723e-5
   deg 11 : -(2*r_pi - 1)*(6*r_pi - 5)*(756*r_pi**3 - 1620*r_pi**2 + 1071*r_pi - 223)/337500  = 8.98459547204566e-7
   deg 12 : -(2*r_pi - 1)**2*(6*r_pi - 5)**2*(12*r_pi - 7)/750000  = 1.54499970801602e-8
triakis_triangular_1 z=3 sum 1.000000000 mean 1.200000000
   deg 1 : 81/100  = 0.810000000000000
   deg 2 : 9/50  = 0.180000000000000
   deg 3 : 1/100  = 0.0100000000000000
