sq diamond 0  [(5, 2), (13, 29), (25, 7477)]
sq aztec 0  [(4, 2), (12, 233), (24, 38971)]
sq hex 0  [(7, 7), (19, 19)]
sq tri 0 SMOOTH [(3, 2), (6, 2), (10, 3), (15, 13), (21, 19), (28, 23)]
sq trap 1  [(2, 1), (3, 1), (4, 1), (5, 1), (6, 1), (7, 1), (8, 1), (9, 1), (10, 1), (11, 1), (12, 1), (13, 1), (14, 1), (15, 1), (16, 1), (17, 1), (18, 1), (19, 1), (20, 1), (21, 1), (22, 1), (23, 1), (24, 1), (25, 1), (26, 1), (27, 1), (28, 1), (29, 1), (30, 1)]
sq trap 2 SMOOTH [(5, 5), (7, 7), (9, 7), (11, 11), (13, 13), (15, 13), (17, 17), (19, 19), (21, 19), (23, 23), (25, 23), (27, 23), (29, 29), (31, 31), (33, 31)]
sq trap 3 SMOOTH [(9, 7), (12, 11), (15, 13), (18, 17), (21, 19), (24, 23), (27, 23), (30, 29), (33, 31)]
sq trap 4 SMOOTH [(14, 13), (18, 17), (22, 19), (26, 23), (30, 29), (34, 31)]
sq trap 5 SMOOTH [(20, 19), (25, 23), (30, 29)]
sq skewstair 1  [(3, 2), (5, 2), (7, 17), (9, 31), (11, 691), (13, 127), (15, 3617), (17, 43867), (19, 617), (21, 683), (23, 2294797), (25, 5389112821), (27, 3392780147), (29, 1001259881), (31, 19993105657799), (33, 868320396104950823611)]
sq skewstair 2  [(6, 2), (9, 3), (12, 11), (15, 13), (18, 691), (21, 19), (24, 3617), (27, 43867), (30, 617), (33, 593)]
sq skewstair 3  [(10, 3), (14, 13), (18, 17), (22, 251), (26, 461), (30, 127837), (34, 64394111)]
sq skewstair 4 SMOOTH [(15, 13), (20, 19), (25, 53), (30, 269)]
sq skewstair 5 SMOOTH [(21, 19), (27, 23), (33, 31)]
sq hexk 1 SMOOTH [(4, 2), (8, 7), (13, 13), (19, 19), (26, 23), (34, 31)]
sq hexk 2 SMOOTH [(9, 7), (15, 13), (22, 19), (30, 29)]
sq hexk 3 SMOOTH [(16, 13), (24, 23), (33, 31)]
sq hexk 4  [(25, 23)]
sq hexk 5  []
sq octa 1  [(9, 7), (21, 10733)]
sq octa 2  [(9, 7), (25, 23)]
sq octa 3  [(9, 7), (25, 23)]
sq octa 4  [(9, 7), (25, 23)]
sq octa 5  [(9, 7), (25, 23)]
sq cross 1  [(9, 7), (21, 10733), (33, 1049)]
sq cross 2  [(21, 10733), (25, 23)]
sq cross 3  [(33, 1049)]
sq cross 4  []
sq cross 5  []
sq frame 1 SMOOTH [(8, 5), (12, 7), (16, 13), (20, 17), (24, 19), (28, 23), (32, 29)]
sq frame 2  [(24, 1327), (32, 131009)]
sq frame 3  []
sq frame 4  []
sq frame 5  []
sq rect 1  [(1, 1), (2, 1), (3, 1), (4, 1), (5, 1), (6, 1), (7, 1), (8, 1), (9, 1), (10, 1), (11, 1), (12, 1), (13, 1), (14, 1), (15, 1), (16, 1), (17, 1), (18, 1), (19, 1), (20, 1), (21, 1), (22, 1), (23, 1), (24, 1), (25, 1), (26, 1), (27, 1), (28, 1), (29, 1)]
sq rect 2 SMOOTH [(2, 1), (4, 2), (6, 5), (8, 7), (10, 7), (12, 11), (14, 13), (16, 13), (18, 17), (20, 19), (22, 19), (24, 23), (26, 23), (28, 23), (30, 29), (32, 31), (34, 31)]
sq rect 3 SMOOTH [(3, 1), (6, 5), (9, 7), (12, 11), (15, 13), (18, 17), (21, 19), (24, 23), (27, 23), (30, 29), (33, 31)]
sq rect 4 SMOOTH [(4, 1), (8, 7), (12, 11), (16, 13), (20, 19), (24, 23), (28, 23), (32, 31)]
sq rect 5 SMOOTH [(5, 1), (10, 7), (15, 13), (20, 19), (25, 23), (30, 29)]
tri diamond 0  [(5, 1), (13, 5), (25, 19)]
tri aztec 0  [(4, 1), (12, 5), (24, 359)]
tri hex 0  [(7, 2), (19, 19)]
tri tri 0  [(3, 1), (6, 2), (10, 3), (15, 13), (21, 19), (28, 23)]
tri trap 1  [(2, 1), (3, 1), (4, 1), (5, 1), (6, 1), (7, 1), (8, 1), (9, 1), (10, 1), (11, 1), (12, 1), (13, 1), (14, 1), (15, 1), (16, 1), (17, 1), (18, 1), (19, 1), (20, 1), (21, 1), (22, 1), (23, 1), (24, 1), (25, 1), (26, 1), (27, 1), (28, 1), (29, 1), (30, 1)]
tri trap 2  [(5, 1), (7, 1), (9, 1), (11, 1), (13, 1), (15, 1), (17, 1), (19, 1), (21, 1), (23, 1), (25, 1), (27, 1), (29, 1), (31, 1), (33, 1)]
tri trap 3  [(9, 2), (12, 2), (15, 2), (18, 2), (21, 2), (24, 2), (27, 2), (30, 2), (33, 2)]
tri trap 4 SMOOTH [(14, 7), (18, 17), (22, 41), (26, 11), (30, 239), (34, 577)]
tri trap 5 SMOOTH [(20, 19), (25, 23), (30, 521)]
tri skewstair 1 SMOOTH [(3, 1), (5, 2), (7, 5), (9, 7), (11, 7), (13, 11), (15, 13), (17, 13), (19, 17), (21, 19), (23, 19), (25, 23), (27, 23), (29, 23), (31, 29), (33, 31)]
tri skewstair 2 SMOOTH [(6, 2), (9, 3), (12, 11), (15, 13), (18, 17), (21, 19), (24, 23), (27, 23), (30, 29), (33, 31)]
tri skewstair 3 SMOOTH [(10, 3), (14, 13), (18, 17), (22, 19), (26, 23), (30, 29), (34, 31)]
tri skewstair 4 SMOOTH [(15, 13), (20, 19), (25, 23), (30, 29)]
tri skewstair 5 SMOOTH [(21, 19), (27, 23), (33, 31)]
tri hexk 1 SMOOTH [(4, 1), (8, 2), (13, 7), (19, 19), (26, 23), (34, 31)]
tri hexk 2  [(9, 2), (15, 13), (22, 41), (30, 107)]
tri hexk 3  [(16, 13), (24, 41), (33, 2017)]
tri hexk 4  [(25, 41)]
tri hexk 5  []
tri octa 1  [(9, 2), (21, 229)]
tri octa 2  [(9, 2), (25, 41)]
tri octa 3  [(9, 2), (25, 41)]
tri octa 4  [(9, 2), (25, 41)]
tri octa 5  [(9, 2), (25, 41)]
tri cross 1  [(9, 2), (21, 229), (33, 773)]
tri cross 2  [(21, 229), (25, 41)]
tri cross 3  [(33, 773)]
tri cross 4  []
tri cross 5  []
tri frame 1 SMOOTH [(8, 3), (12, 7), (16, 11), (20, 13), (24, 19), (28, 23), (32, 23)]
tri frame 2  [(24, 739), (32, 1223)]
tri frame 3  []
tri frame 4  []
tri frame 5  []
tri rect 1  [(1, 1), (2, 1), (3, 1), (4, 1), (5, 1), (6, 1), (7, 1), (8, 1), (9, 1), (10, 1), (11, 1), (12, 1), (13, 1), (14, 1), (15, 1), (16, 1), (17, 1), (18, 1), (19, 1), (20, 1), (21, 1), (22, 1), (23, 1), (24, 1), (25, 1), (26, 1), (27, 1), (28, 1), (29, 1)]
tri rect 2  [(2, 1), (4, 1), (6, 1), (8, 1), (10, 1), (12, 1), (14, 1), (16, 1), (18, 1), (20, 1), (22, 1), (24, 1), (26, 1), (28, 1), (30, 1), (32, 1), (34, 1)]
tri rect 3  [(3, 1), (6, 2), (9, 2), (12, 2), (15, 2), (18, 2), (21, 2), (24, 2), (27, 2), (30, 2), (33, 2)]
tri rect 4  [(4, 1), (8, 5), (12, 29), (16, 13), (20, 197), (24, 5741), (28, 33461), (32, 269)]
tri rect 5 SMOOTH [(5, 1), (10, 7), (15, 29), (20, 47), (25, 41), (30, 281)]
sqd diamond 0  [(5, 2), (13, 29), (25, 7477)]
sqd aztec 0  [(4, 2), (12, 233), (24, 38971)]
sqd hex 0  [(7, 7), (19, 19)]
sqd tri 0 SMOOTH [(3, 2), (6, 2), (10, 3), (15, 13), (21, 19), (28, 23)]
sqd trap 1  [(2, 1), (3, 1), (4, 1), (5, 1), (6, 1), (7, 1), (8, 1), (9, 1), (10, 1), (11, 1), (12, 1), (13, 1), (14, 1), (15, 1), (16, 1), (17, 1), (18, 1), (19, 1), (20, 1), (21, 1), (22, 1), (23, 1), (24, 1), (25, 1), (26, 1), (27, 1), (28, 1), (29, 1), (30, 1)]
sqd trap 2 SMOOTH [(5, 5), (7, 7), (9, 7), (11, 11), (13, 13), (15, 13), (17, 17), (19, 19), (21, 19), (23, 23), (25, 23), (27, 23), (29, 29), (31, 31), (33, 31)]
sqd trap 3 SMOOTH [(9, 7), (12, 11), (15, 13), (18, 17), (21, 19), (24, 23), (27, 23), (30, 29), (33, 31)]
sqd trap 4 SMOOTH [(14, 13), (18, 17), (22, 19), (26, 23), (30, 29), (34, 31)]
sqd trap 5 SMOOTH [(20, 19), (25, 23), (30, 29)]
sqd skewstair 1  [(3, 2), (5, 2), (7, 17), (9, 31), (11, 691), (13, 127), (15, 3617), (17, 43867), (19, 617), (21, 683), (23, 2294797), (25, 5389112821), (27, 3392780147), (29, 1001259881), (31, 19993105657799), (33, 868320396104950823611)]
sqd skewstair 2  [(6, 2), (9, 3), (12, 11), (15, 13), (18, 691), (21, 19), (24, 3617), (27, 43867), (30, 617), (33, 593)]
sqd skewstair 3  [(10, 3), (14, 13), (18, 17), (22, 251), (26, 461), (30, 127837), (34, 64394111)]
sqd skewstair 4 SMOOTH [(15, 13), (20, 19), (25, 53), (30, 269)]
sqd skewstair 5 SMOOTH [(21, 19), (27, 23), (33, 31)]
sqd hexk 1 SMOOTH [(4, 2), (8, 7), (13, 13), (19, 19), (26, 23), (34, 31)]
sqd hexk 2 SMOOTH [(9, 7), (15, 13), (22, 19), (30, 29)]
sqd hexk 3 SMOOTH [(16, 13), (24, 23), (33, 31)]
sqd hexk 4  [(25, 23)]
sqd hexk 5  []
sqd octa 1  [(9, 7), (21, 10733)]
sqd octa 2  [(9, 7), (25, 23)]
sqd octa 3  [(9, 7), (25, 23)]
sqd octa 4  [(9, 7), (25, 23)]
sqd octa 5  [(9, 7), (25, 23)]
sqd cross 1  [(9, 7), (21, 10733), (33, 1049)]
sqd cross 2  [(21, 10733), (25, 23)]
sqd cross 3  [(33, 1049)]
sqd cross 4  []
sqd cross 5  []
sqd frame 1 SMOOTH [(8, 5), (12, 7), (16, 13), (20, 17), (24, 19), (28, 23), (32, 29)]
sqd frame 2  [(24, 1327), (32, 131009)]
sqd frame 3  []
sqd frame 4  []
sqd frame 5  []
sqd rect 1  [(1, 1), (2, 1), (3, 1), (4, 1), (5, 1), (6, 1), (7, 1), (8, 1), (9, 1), (10, 1), (11, 1), (12, 1), (13, 1), (14, 1), (15, 1), (16, 1), (17, 1), (18, 1), (19, 1), (20, 1), (21, 1), (22, 1), (23, 1), (24, 1), (25, 1), (26, 1), (27, 1), (28, 1), (29, 1)]
sqd rect 2 SMOOTH [(2, 1), (4, 2), (6, 5), (8, 7), (10, 7), (12, 11), (14, 13), (16, 13), (18, 17), (20, 19), (22, 19), (24, 23), (26, 23), (28, 23), (30, 29), (32, 31), (34, 31)]
sqd rect 3 SMOOTH [(3, 1), (6, 5), (9, 7), (12, 11), (15, 13), (18, 17), (21, 19), (24, 23), (27, 23), (30, 29), (33, 31)]
sqd rect 4 SMOOTH [(4, 1), (8, 7), (12, 11), (16, 13), (20, 19), (24, 23), (28, 23), (32, 31)]
sqd rect 5 SMOOTH [(5, 1), (10, 7), (15, 13), (20, 19), (25, 23), (30, 29)]
