king diamond 0  []
king adiam 0  [3, 90, 24976, 65202577, 1637770420953, 394048479589236424, 910608625066680289888364, 20202193908772003724958559309216, 4303975199171536461963894423427501426571, 8804913954481792444990070722050020900496057514832]
king tri 0  [3, 15, 38508, 1651175, 3718290577087, 1511981921639104, 3014559421771283523806905, 11758624686120999430398879769, 20759827726669438010475042667956117567435, 777523880881357538664736423823360253923895602]
king hex 0  []
king stair 0  [1, 3, 20, 474, 35162, 8471102, 6226044142, 14267907153612, 100854778785845482, 2213498776048721622800, 150406989686987456195752488, 31686964192416406617930100172816]
king rect 1  [1, 1, 1, 1, 1, 1, 1, 1, 1, 1, 1, 1]
king rect 2  [1, 3, 5, 11, 21, 43, 85, 171, 341, 683, 1365, 2731]
king rect 3  [5, 43, 451, 4945, 54685, 605707, 6710971, 74358721, 823915861, 9129240139, 101154812563, 1120826772817]
king rect 4  [1, 11, 43, 280, 1563, 9415, 55553, 331133, 1968400, 11716601, 69716257, 414898579]
king rect 5  [21, 1563, 162409, 17508475, 1894621633, 205109410835, 22206188455913, 2404176415007051, 260291084969169553, 28180738494571199683, 3051022897700513626745, 330322812747235906893563]
king rect 6  [1, 43, 451, 9415, 162409, 3037561, 55263473, 1017093992, 18633949879, 342050825969, 6273663002379, 115107979930355]
king trap 1  [1, 1, 1, 1, 1, 1, 1, 1, 1, 1, 1, 1]
king trap 2  []
king trap 3  [3, 38, 431, 4796, 53183, 589370, 6530579, 72361208, 801785435, 8884033550, 98437858391, 1090722098228]
king trap 4  [3, 15, 98, 568, 3420, 20281, 120877, 719014, 4279756, 25467604, 151563615, 901959595]
king trap 5  [3, 15, 1326, 139744, 15064404, 1629710356, 176417608012, 19099570244868, 2067828745429644, 223875863189074404, 24238196456546144492, 2624178598376318355332]
king trap 6  [3, 15]
king hexk 1  [62, 848, 63591671, 8340892716, 558395203476648996, 702845828170036443476, 41697195045904623432474551350480, 503962125054165397031330486429709097, 26476215233388612172006671121485460369393318506052, 3072841717433132209357104689126212445458570939168709694]
king hexk 2  [3, 62, 4126047, 540948955, 36262799524209140, 45605542631997287612, 2706641816596041556665500303856, 32710150178020382670813732576201939, 1718530443662539567700088989764505165546524353475, 199451849061206150174797892480990382999045689805850662]
king hexk 3  [15, 848, 1774453691, 720751529245, 1435740713283842714213, 5597056402799423761577298, 9882037489000026552340467939541509175, 370092848083447802685268720688813929330244, 578583639705452584005311229884809097380191601928202234325]
king hexk 4  [4126047, 1774453691, 3458475643815006428, 13523563874502135402604, 23845148730067621619093019931621105, 893220504612526732590421340454015313510, 1396275658367946544090443349778944805869268577133875651]
king hexk 5  [540948955, 720751529245, 42124244095521497239705, 510392543405491005306322527, 26799450082500135633449405539478028500259, 3110812363416371178030274936342842548062364245]
king hexk 6  [38508, 63591671, 3458475643815006428, 42124244095521497239705, 2209627301473411346241415422053639488, 256490015522990822525750891558104708317748]
king octa 1  []
king octa 2  []
king octa 3  []
king octa 4  []
king octa 5  []
king octa 6  []
honey diamond 0  []
honey adiam 0  [1, 1, 1, 1, 1, 1, 1, 1, 1, 1]
honey tri 0  [0, 0, 0, 0, 0, 0, 0, 0, 0, 0]
honey hex 0  []
honey stair 0  [1, 1, 1, 1, 1, 1, 1, 1, 1, 1, 1, 1]
honey rect 1  [1, 1, 1, 1, 1, 1, 1, 1, 1, 1, 1, 1]
honey rect 2  [1, 1, 2, 1, 3, 1, 4, 1, 5, 1, 6, 1]
honey rect 3  [1, 1, 1, 1, 1, 1, 1, 1, 1, 1, 1, 1]
honey rect 4  [1, 1, 4, 1, 9, 1, 16, 1, 25, 1, 36, 1]
honey rect 5  [1, 1, 1, 1, 1, 1, 1, 1, 1, 1, 1, 1]
honey rect 6 SMOOTH [1, 1, 8, 1, 27, 1, 64, 1, 125, 1, 216, 1]
honey trap 1  [1, 1, 1, 1, 1, 1, 1, 1, 1, 1, 1, 1]
honey trap 2  []
honey trap 3  [0, 0, 0, 0, 0, 0, 0, 0, 0, 0, 0, 0]
honey trap 4  [0, 0, 0, 0, 0, 0, 0, 0, 0, 0, 0, 0]
honey trap 5  [0, 0, 0, 0, 0, 0, 0, 0, 0, 0, 0, 0]
honey trap 6  [0, 0]
honey hexk 1  [3, 0, 0, 0, 0, 0, 0, 0, 0, 0]
honey hexk 2  [0, 0, 0, 0, 0, 0, 0, 0, 0, 0]
honey hexk 3  [0, 0, 155, 0, 0, 0, 0, 0, 0]
honey hexk 4  [0, 0, 0, 0, 0, 0, 0]
honey hexk 5  [0, 0, 140525, 0, 0, 0]
honey hexk 6  [0, 0, 0, 0, 0, 0]
honey octa 1  []
honey octa 2  []
honey octa 3  []
honey octa 4  []
honey octa 5  []
honey octa 6  []
