tri diamond 0  []
tri adiam 0  [2, 18, 912, 230356, 317873160, 2396527828424, 99547753694121216, 22877260495700692963600, 29131971253380663872421894688, 205820567417352129757262067453247520]
tri tri 0  [2, 6, 2196, 37004, 2317631400, 216893681800, 2326335506123418128, 1208982377794384163088, 2220650888749669503773432361504, 6408743336016148761893699822360672]
tri hex 0  []
tri stair 0  [1, 2, 9, 93, 2268, 130546, 17715040, 5664863730, 4268880348280, 7580778739737115, 31723930260189875440, 312847473729498128996700]
tri rect 1  [1, 1, 1, 1, 1, 1, 1, 1, 1, 1, 1, 1]
tri rect 2  [1, 2, 3, 5, 8, 13, 21, 34, 55, 89, 144, 233]
tri rect 3  [3, 15, 85, 493, 2871, 16731, 97513, 568345, 3312555, 19306983, 112529341, 655869061]
tri rect 4  [1, 5, 15, 56, 203, 749, 2777, 10293, 38240, 141997, 527593, 1960029]
tri rect 5  [8, 203, 6475, 210560, 6842465, 222181185, 7212725168, 234136065003, 7600335925611, 246715542133016, 8008664872610913, 259970290393172513]
tri rect 6  [1, 13, 85, 749, 6475, 56568, 496085, 4342465, 38016259, 332700949, 2910710291, 25465507737]
tri trap 1  [1, 1, 1, 1, 1, 1, 1, 1, 1, 1, 1, 1]
tri trap 2  []
tri trap 3  [2, 14, 84, 492, 2870, 16730, 97512, 568344, 3312554, 19306982, 112529340, 655869060]
tri trap 4  [2, 6, 28, 100, 386, 1426, 5332, 19800, 73640, 273612, 1016754, 3777834]
tri trap 5  [2, 6, 200, 6496, 210870, 6845080, 222199016, 7212830550, 234136610736, 7600338328440, 246715550059110, 8008664879193776]
tri trap 6  [2, 6]
tri hexk 1  [28, 200, 957304, 38016960, 31159166587056, 6871649018572800, 964503557426086478029152, 1181201363574177619007442944, 28392374340478905796307342707763373504, 193093114889696668807769716516040146944000]
tri hexk 2  [2, 28, 119204, 4753440, 3895182191592, 858926661175296, 120563152160609012904144, 147650138285149843218135040, 3549046656001088319986497009865631264, 24136639863308065380287450200484118528000]
tri hexk 3  [6, 200, 12460828, 1174188960, 12594715049690488, 6545043380672703648, 12021926727854048954229298224, 34694884413704812988427360079616, 10913414850219923282211245855621805194112096]
tri hexk 4  [119204, 12460828, 132012968937192, 68706892521868248, 126180299006721766685541456, 364145411105393819814087634256, 114543885556766434471025174608323604769312]
tri hexk 5  [4753440, 1174188960, 164523226187291968, 201842699667489422080, 4851733157928810637385651000960, 32995590869533658521401141808373760]
tri hexk 6  [2196, 957304, 132012968937192, 164523226187291968, 3951316150795045264767515792, 26877568893063538239213573703680]
tri octa 1  []
tri octa 2  []
tri octa 3  []
tri octa 4  []
tri octa 5  []
tri octa 6  []
